// Jest Snapshot v1, https://goo.gl/fbAQLP

exports[`renders button 1`] = `
<div>
  <button
    class="sc-bdnxRM gZiVar"
  >
    demo
  </button>
</div>
`;
